exports[`test AdminConfiguration should render 1`] = `
<div
  className="admin-config">
  <AccordionExampleStyled />
</div>
`;
