exports[`test AdminHome should render 1`] = `
<div
  className="lvl-table">
  <ChallengesHeader />
  <Connect(ChallengesTable) />
  <RequestsHeader />
  <Connect(RequestsTable) />
</div>
`;
