exports[`test AdminChallenges should render 1`] = `
<div
  className="lvl-table">
  <Connect(ChallengesTable) />
</div>
`;
