exports[`test AdminRewards should render 1`] = `
<div
  className="lvl-table">
  <RewardsHeader />
  <Connect(RewardsTable) />
</div>
`;
