exports[`test Footer should render 1`] = `
<div
  className="footer"
  textAlign="center">
  Contact Us     ||   Enter   ||    To the Top   
</div>
`;
