exports[`test StudentRewards should render 1`] = `
<div
  className="lvl-table">
  <Connect(RewardsTable) />
</div>
`;
